2026-09-04T11:22:36.685315Z  INFO herdr::logging: herdr starting event="app.startup" subsystem="client" outcome="started" pid=9561
2026-09-04T11:22:36.685417Z  INFO herdr::client: connecting to server path=/Users/n.lobanov/.config/herdr/herdr-client.sock
2026-09-04T11:22:36.891878Z  INFO herdr::client: handshake succeeded version=20 encoding=SemanticFrame
2026-09-04T11:23:05.355467Z  WARN herdr::raw_input: flushing lone escape after input timeout; if this follows an alt chord or focus switch it may reach the pane as plain esc bytes=[27]
2026-09-04T11:23:05.355778Z  WARN herdr::raw_input: flushing lone escape after input timeout; if this follows an alt chord or focus switch it may reach the pane as plain esc bytes=[27]
2026-09-04T11:23:41.771482Z  INFO herdr::logging: herdr exiting event="app.shutdown" subsystem="client" outcome="completed" pid=9561
2026-09-04T17:18:30.752029Z  INFO herdr::logging: herdr starting event="app.startup" subsystem="client" outcome="started" pid=20269
2026-09-04T17:18:30.753485Z  INFO herdr::client: connecting to server path=/Users/n.lobanov/.config/herdr/herdr-client.sock
2026-09-04T17:18:30.987986Z  INFO herdr::client: handshake succeeded version=20 encoding=SemanticFrame
2026-09-04T17:31:09.123310Z  INFO herdr::logging: herdr exiting event="app.shutdown" subsystem="client" outcome="completed" pid=20269
2026-09-04T17:31:12.050077Z  INFO herdr::logging: herdr starting event="app.startup" subsystem="client" outcome="started" pid=22210
2026-09-04T17:31:12.050657Z  INFO herdr::client: connecting to server path=/Users/n.lobanov/.config/herdr/herdr-client.sock
2026-09-04T17:31:12.160239Z  INFO herdr::client: handshake succeeded version=20 encoding=SemanticFrame
2026-09-04T17:31:25.688961Z  INFO herdr::logging: herdr exiting event="app.shutdown" subsystem="client" outcome="completed" pid=22210
2026-09-04T17:31:58.615811Z  INFO herdr::logging: herdr starting event="app.startup" subsystem="client" outcome="started" pid=22583
2026-09-04T17:31:58.616949Z  INFO herdr::client: connecting to server path=/Users/n.lobanov/.config/herdr/herdr-client.sock
2026-09-04T17:31:58.786220Z  INFO herdr::client: handshake succeeded version=20 encoding=SemanticFrame
2026-09-04T17:32:26.189127Z  INFO herdr::logging: herdr exiting event="app.shutdown" subsystem="client" outcome="completed" pid=22583
2026-09-04T17:33:20.971637Z  INFO herdr::logging: herdr starting event="app.startup" subsystem="client" outcome="started" pid=23543
2026-09-04T17:33:20.971797Z  INFO herdr::client: connecting to server path=/Users/n.lobanov/.config/herdr/herdr-client.sock
2026-09-04T17:33:21.176854Z  INFO herdr::client: handshake succeeded version=20 encoding=SemanticFrame
2026-09-04T22:54:35.030315Z  INFO herdr::logging: herdr exiting event="app.shutdown" subsystem="client" outcome="completed" pid=23543
2026-09-05T09:31:54.753403Z  INFO herdr::logging: herdr starting event="app.startup" subsystem="client" outcome="started" pid=10608
2026-09-05T09:31:54.753594Z  INFO herdr::client: connecting to server path=/Users/n.lobanov/.config/herdr/herdr-client.sock
2026-09-05T09:31:54.968194Z  INFO herdr::client: handshake succeeded version=20 encoding=SemanticFrame
2026-09-07T09:29:56.508440Z  INFO herdr::logging: herdr exiting event="app.shutdown" subsystem="client" outcome="completed" pid=10608
